Unknown token: *
